Release 14.7 - xst P.20131013 (nt64)
Copyright (c) 1995-2013 Xilinx, Inc.  All rights reserved.
--> Parameter TMPDIR set to xst/projnav.tmp


Total REAL time to Xst completion: 1.00 secs
Total CPU time to Xst completion: 0.15 secs
 
--> Parameter xsthdpdir set to xst


Total REAL time to Xst completion: 1.00 secs
Total CPU time to Xst completion: 0.15 secs
 
--> Reading design: connect4_top.prj

TABLE OF CONTENTS
  1) Synthesis Options Summary
  2) HDL Compilation
  3) Design Hierarchy Analysis
  4) HDL Analysis
  5) HDL Synthesis
     5.1) HDL Synthesis Report
  6) Advanced HDL Synthesis
     6.1) Advanced HDL Synthesis Report
  7) Low Level Synthesis
  8) Partition Report
  9) Final Report
	9.1) Device utilization summary
	9.2) Partition Resource Summary
	9.3) TIMING REPORT


=========================================================================
*                      Synthesis Options Summary                        *
=========================================================================
---- Source Parameters
Input File Name                    : "connect4_top.prj"
Input Format                       : mixed
Ignore Synthesis Constraint File   : NO

---- Target Parameters
Output File Name                   : "connect4_top"
Output Format                      : NGC
Target Device                      : xc3s500e-4-fg320

---- Source Options
Top Module Name                    : connect4_top
Automatic FSM Extraction           : YES
FSM Encoding Algorithm             : Auto
Safe Implementation                : No
FSM Style                          : LUT
RAM Extraction                     : Yes
RAM Style                          : Auto
ROM Extraction                     : Yes
Mux Style                          : Auto
Decoder Extraction                 : YES
Priority Encoder Extraction        : Yes
Shift Register Extraction          : YES
Logical Shifter Extraction         : YES
XOR Collapsing                     : YES
ROM Style                          : Auto
Mux Extraction                     : Yes
Resource Sharing                   : YES
Asynchronous To Synchronous        : NO
Multiplier Style                   : LUT
Automatic Register Balancing       : No

---- Target Options
Add IO Buffers                     : YES
Global Maximum Fanout              : 100000
Add Generic Clock Buffer(BUFG)     : 16
Register Duplication               : YES
Slice Packing                      : YES
Optimize Instantiated Primitives   : NO
Use Clock Enable                   : Auto
Use Synchronous Set                : Auto
Use Synchronous Reset              : Auto
Pack IO Registers into IOBs        : Auto
Equivalent register Removal        : YES

---- General Options
Optimization Goal                  : Speed
Optimization Effort                : 1
Keep Hierarchy                     : No
Netlist Hierarchy                  : As_Optimized
RTL Output                         : Yes
Global Optimization                : AllClockNets
Read Cores                         : YES
Write Timing Constraints           : NO
Cross Clock Analysis               : NO
Hierarchy Separator                : /
Bus Delimiter                      : <>
Case Specifier                     : Maintain
Slice Utilization Ratio            : 100
BRAM Utilization Ratio             : 100
Verilog 2001                       : YES
Auto BRAM Packing                  : NO
Slice Utilization Ratio Delta      : 5

=========================================================================


=========================================================================
*                          HDL Compilation                              *
=========================================================================
Compiling verilog file "FSM.v" in library work
Compiling verilog file "DisplayGameStatus.v" in library work
Module <FSM> compiled
Compiling verilog file "CLockDelay.v" in library work
Module <DisplayGameStatus> compiled
Compiling verilog file "connect4_top.v" in library work
Compiling verilog include file "ColumnSelector.v"
Module <CLockDelay> compiled
Compiling verilog include file "ColumnCalculator.v"
Module <ColumnSelector> compiled
Compiling verilog include file "ButtonPressDetector.v"
Module <ColumnCalculator> compiled
Compiling verilog include file "DetectWinner.v"
Module <ButtonPressDetector> compiled
Compiling verilog include file "ThreeBitCounter.v"
Module <DetectWinner> compiled
Module <ThreeBitCounter> compiled
Module <connect4_top> compiled
No errors in compilation
Analysis of file <"connect4_top.prj"> succeeded.
 

=========================================================================
*                     Design Hierarchy Analysis                         *
=========================================================================
Analyzing hierarchy for module <connect4_top> in library <work>.

Analyzing hierarchy for module <ButtonPressDetector> in library <work>.

Analyzing hierarchy for module <CLockDelay> in library <work>.

Analyzing hierarchy for module <ColumnCalculator> in library <work>.

Analyzing hierarchy for module <ThreeBitCounter> in library <work>.

Analyzing hierarchy for module <ColumnSelector> in library <work> with parameters.
	END_GAME = "11"
	GAME_INIT = "00"
	P1_TURN = "01"
	P2_TURN = "10"

Analyzing hierarchy for module <FSM> in library <work> with parameters.
	END_GAME = "11"
	GAME_INIT = "00"
	NEXT_TURN = "00"
	P1_TURN = "01"
	P1_WIN = "01"
	P1_WINS = "01"
	P2_TURN = "10"
	P2_WIN = "10"
	P2_WINS = "10"
	STILL_PLAYING = "00"
	TIE = "11"
	TIE_GAME = "11"

Analyzing hierarchy for module <DetectWinner> in library <work> with parameters.
	p1_wins = "01"
	p2_wins = "10"
	still_playing = "00"
	tie = "11"

Analyzing hierarchy for module <DisplayGameStatus> in library <work> with parameters.
	END_GAME = "11"
	GAME_INIT = "00"
	P1_TURN = "01"
	P1_WINS = "01"
	P2_TURN = "10"
	P2_WINS = "10"
	STILL_PLAYING = "00"
	TIE = "11"


=========================================================================
*                            HDL Analysis                               *
=========================================================================
Analyzing top module <connect4_top>.
Module <connect4_top> is correct for synthesis.
 
Analyzing module <ButtonPressDetector> in library <work>.
Module <ButtonPressDetector> is correct for synthesis.
 
Analyzing module <CLockDelay> in library <work>.
Module <CLockDelay> is correct for synthesis.
 
Analyzing module <ColumnCalculator> in library <work>.
Module <ColumnCalculator> is correct for synthesis.
 
Analyzing module <ThreeBitCounter> in library <work>.
WARNING:Xst:1467 - "ThreeBitCounter.v" line 19: Reset or set value is not constant in <counter_0>. It could involve simulation mismatches
WARNING:Xst:1467 - "ThreeBitCounter.v" line 20: Reset or set value is not constant in <counter_1>. It could involve simulation mismatches
WARNING:Xst:1467 - "ThreeBitCounter.v" line 21: Reset or set value is not constant in <counter_2>. It could involve simulation mismatches
WARNING:Xst:1467 - "ThreeBitCounter.v" line 22: Reset or set value is not constant in <counter_3>. It could involve simulation mismatches
WARNING:Xst:1467 - "ThreeBitCounter.v" line 23: Reset or set value is not constant in <count>. It could involve simulation mismatches
Module <ThreeBitCounter> is correct for synthesis.
 
Analyzing module <ColumnSelector> in library <work>.
	END_GAME = 2'b11
	GAME_INIT = 2'b00
	P1_TURN = 2'b01
	P2_TURN = 2'b10
Module <ColumnSelector> is correct for synthesis.
 
Analyzing module <FSM> in library <work>.
	END_GAME = 2'b11
	GAME_INIT = 2'b00
	NEXT_TURN = 2'b00
	P1_TURN = 2'b01
	P1_WIN = 2'b01
	P1_WINS = 2'b01
	P2_TURN = 2'b10
	P2_WIN = 2'b10
	P2_WINS = 2'b10
	STILL_PLAYING = 2'b00
	TIE = 2'b11
	TIE_GAME = 2'b11
Module <FSM> is correct for synthesis.
 
Analyzing module <DetectWinner> in library <work>.
	p1_wins = 2'b01
	p2_wins = 2'b10
	still_playing = 2'b00
	tie = 2'b11
Module <DetectWinner> is correct for synthesis.
 
Analyzing module <DisplayGameStatus> in library <work>.
	END_GAME = 2'b11
	GAME_INIT = 2'b00
	P1_TURN = 2'b01
	P1_WINS = 2'b01
	P2_TURN = 2'b10
	P2_WINS = 2'b10
	STILL_PLAYING = 2'b00
	TIE = 2'b11
Module <DisplayGameStatus> is correct for synthesis.
 

=========================================================================
*                           HDL Synthesis                               *
=========================================================================

Performing bidirectional port resolution...

Synthesizing Unit <ButtonPressDetector>.
    Related source file is "ButtonPressDetector.v".
    Found 1-bit register for signal <clk_out>.
    Found 26-bit up counter for signal <count>.
    Summary:
	inferred   1 Counter(s).
	inferred   1 D-type flip-flop(s).
Unit <ButtonPressDetector> synthesized.


Synthesizing Unit <CLockDelay>.
    Related source file is "CLockDelay.v".
    Found 1-bit register for signal <clk_out>.
    Found 20-bit up counter for signal <count>.
    Summary:
	inferred   1 Counter(s).
	inferred   1 D-type flip-flop(s).
Unit <CLockDelay> synthesized.


Synthesizing Unit <ColumnCalculator>.
    Related source file is "ColumnCalculator.v".
WARNING:Xst:737 - Found 5-bit latch for signal <column_position>. Latches may be generated from incomplete case or if statements. We do not recommend the use of latches in FPGA/CPLD designs, as they may lead to timing problems.
INFO:Xst:2371 - HDL ADVISOR - Logic functions respectively driving the data and gate enable inputs of this latch share common terms. This situation will potentially lead to setup/hold violations and, as a result, to simulation problems. This situation may come from an incomplete case statement (all selector values are not covered). You should carefully review if it was in your intentions to describe such a latch.
    Found 5-bit adder for signal <column_position$share0000> created at line 35.
    Summary:
	inferred   1 Adder/Subtractor(s).
Unit <ColumnCalculator> synthesized.


Synthesizing Unit <ThreeBitCounter>.
    Related source file is "ThreeBitCounter.v".
WARNING:Xst:737 - Found 3-bit latch for signal <counter_0>. Latches may be generated from incomplete case or if statements. We do not recommend the use of latches in FPGA/CPLD designs, as they may lead to timing problems.
WARNING:Xst:737 - Found 3-bit latch for signal <counter_1>. Latches may be generated from incomplete case or if statements. We do not recommend the use of latches in FPGA/CPLD designs, as they may lead to timing problems.
WARNING:Xst:737 - Found 3-bit latch for signal <counter_2>. Latches may be generated from incomplete case or if statements. We do not recommend the use of latches in FPGA/CPLD designs, as they may lead to timing problems.
WARNING:Xst:737 - Found 3-bit latch for signal <counter_3>. Latches may be generated from incomplete case or if statements. We do not recommend the use of latches in FPGA/CPLD designs, as they may lead to timing problems.
    Found 12-bit register for signal <count>.
    Found 3-bit adder for signal <old_counter_0_4$addsub0000> created at line 28.
    Found 3-bit adder for signal <old_counter_1_3$addsub0000> created at line 29.
    Found 3-bit adder for signal <old_counter_2_2$addsub0000> created at line 30.
    Found 3-bit adder for signal <old_counter_3_1$addsub0000> created at line 31.
    Summary:
	inferred  12 D-type flip-flop(s).
	inferred   4 Adder/Subtractor(s).
Unit <ThreeBitCounter> synthesized.


Synthesizing Unit <ColumnSelector>.
    Related source file is "ColumnSelector.v".
WARNING:Xst:737 - Found 1-bit latch for signal <out_gameboard_15>. Latches may be generated from incomplete case or if statements. We do not recommend the use of latches in FPGA/CPLD designs, as they may lead to timing problems.
INFO:Xst:2371 - HDL ADVISOR - Logic functions respectively driving the data and gate enable inputs of this latch share common terms. This situation will potentially lead to setup/hold violations and, as a result, to simulation problems. This situation may come from an incomplete case statement (all selector values are not covered). You should carefully review if it was in your intentions to describe such a latch.
WARNING:Xst:737 - Found 1-bit latch for signal <out_gameboard_14>. Latches may be generated from incomplete case or if statements. We do not recommend the use of latches in FPGA/CPLD designs, as they may lead to timing problems.
INFO:Xst:2371 - HDL ADVISOR - Logic functions respectively driving the data and gate enable inputs of this latch share common terms. This situation will potentially lead to setup/hold violations and, as a result, to simulation problems. This situation may come from an incomplete case statement (all selector values are not covered). You should carefully review if it was in your intentions to describe such a latch.
WARNING:Xst:737 - Found 1-bit latch for signal <out_gameboard_13>. Latches may be generated from incomplete case or if statements. We do not recommend the use of latches in FPGA/CPLD designs, as they may lead to timing problems.
INFO:Xst:2371 - HDL ADVISOR - Logic functions respectively driving the data and gate enable inputs of this latch share common terms. This situation will potentially lead to setup/hold violations and, as a result, to simulation problems. This situation may come from an incomplete case statement (all selector values are not covered). You should carefully review if it was in your intentions to describe such a latch.
WARNING:Xst:737 - Found 1-bit latch for signal <out_gameboard_12>. Latches may be generated from incomplete case or if statements. We do not recommend the use of latches in FPGA/CPLD designs, as they may lead to timing problems.
INFO:Xst:2371 - HDL ADVISOR - Logic functions respectively driving the data and gate enable inputs of this latch share common terms. This situation will potentially lead to setup/hold violations and, as a result, to simulation problems. This situation may come from an incomplete case statement (all selector values are not covered). You should carefully review if it was in your intentions to describe such a latch.
WARNING:Xst:737 - Found 1-bit latch for signal <out_gameboard_11>. Latches may be generated from incomplete case or if statements. We do not recommend the use of latches in FPGA/CPLD designs, as they may lead to timing problems.
INFO:Xst:2371 - HDL ADVISOR - Logic functions respectively driving the data and gate enable inputs of this latch share common terms. This situation will potentially lead to setup/hold violations and, as a result, to simulation problems. This situation may come from an incomplete case statement (all selector values are not covered). You should carefully review if it was in your intentions to describe such a latch.
WARNING:Xst:737 - Found 1-bit latch for signal <out_gameboard_10>. Latches may be generated from incomplete case or if statements. We do not recommend the use of latches in FPGA/CPLD designs, as they may lead to timing problems.
INFO:Xst:2371 - HDL ADVISOR - Logic functions respectively driving the data and gate enable inputs of this latch share common terms. This situation will potentially lead to setup/hold violations and, as a result, to simulation problems. This situation may come from an incomplete case statement (all selector values are not covered). You should carefully review if it was in your intentions to describe such a latch.
WARNING:Xst:737 - Found 1-bit latch for signal <out_gameboard_9>. Latches may be generated from incomplete case or if statements. We do not recommend the use of latches in FPGA/CPLD designs, as they may lead to timing problems.
INFO:Xst:2371 - HDL ADVISOR - Logic functions respectively driving the data and gate enable inputs of this latch share common terms. This situation will potentially lead to setup/hold violations and, as a result, to simulation problems. This situation may come from an incomplete case statement (all selector values are not covered). You should carefully review if it was in your intentions to describe such a latch.
WARNING:Xst:737 - Found 1-bit latch for signal <out_gameboard_8>. Latches may be generated from incomplete case or if statements. We do not recommend the use of latches in FPGA/CPLD designs, as they may lead to timing problems.
INFO:Xst:2371 - HDL ADVISOR - Logic functions respectively driving the data and gate enable inputs of this latch share common terms. This situation will potentially lead to setup/hold violations and, as a result, to simulation problems. This situation may come from an incomplete case statement (all selector values are not covered). You should carefully review if it was in your intentions to describe such a latch.
WARNING:Xst:737 - Found 1-bit latch for signal <out_gameboard_7>. Latches may be generated from incomplete case or if statements. We do not recommend the use of latches in FPGA/CPLD designs, as they may lead to timing problems.
INFO:Xst:2371 - HDL ADVISOR - Logic functions respectively driving the data and gate enable inputs of this latch share common terms. This situation will potentially lead to setup/hold violations and, as a result, to simulation problems. This situation may come from an incomplete case statement (all selector values are not covered). You should carefully review if it was in your intentions to describe such a latch.
WARNING:Xst:737 - Found 1-bit latch for signal <out_gameboard_6>. Latches may be generated from incomplete case or if statements. We do not recommend the use of latches in FPGA/CPLD designs, as they may lead to timing problems.
INFO:Xst:2371 - HDL ADVISOR - Logic functions respectively driving the data and gate enable inputs of this latch share common terms. This situation will potentially lead to setup/hold violations and, as a result, to simulation problems. This situation may come from an incomplete case statement (all selector values are not covered). You should carefully review if it was in your intentions to describe such a latch.
WARNING:Xst:737 - Found 1-bit latch for signal <out_gameboard_5>. Latches may be generated from incomplete case or if statements. We do not recommend the use of latches in FPGA/CPLD designs, as they may lead to timing problems.
INFO:Xst:2371 - HDL ADVISOR - Logic functions respectively driving the data and gate enable inputs of this latch share common terms. This situation will potentially lead to setup/hold violations and, as a result, to simulation problems. This situation may come from an incomplete case statement (all selector values are not covered). You should carefully review if it was in your intentions to describe such a latch.
WARNING:Xst:737 - Found 1-bit latch for signal <out_gameboard_4>. Latches may be generated from incomplete case or if statements. We do not recommend the use of latches in FPGA/CPLD designs, as they may lead to timing problems.
INFO:Xst:2371 - HDL ADVISOR - Logic functions respectively driving the data and gate enable inputs of this latch share common terms. This situation will potentially lead to setup/hold violations and, as a result, to simulation problems. This situation may come from an incomplete case statement (all selector values are not covered). You should carefully review if it was in your intentions to describe such a latch.
WARNING:Xst:737 - Found 1-bit latch for signal <out_gameboard_3>. Latches may be generated from incomplete case or if statements. We do not recommend the use of latches in FPGA/CPLD designs, as they may lead to timing problems.
INFO:Xst:2371 - HDL ADVISOR - Logic functions respectively driving the data and gate enable inputs of this latch share common terms. This situation will potentially lead to setup/hold violations and, as a result, to simulation problems. This situation may come from an incomplete case statement (all selector values are not covered). You should carefully review if it was in your intentions to describe such a latch.
WARNING:Xst:737 - Found 1-bit latch for signal <out_gameboard_2>. Latches may be generated from incomplete case or if statements. We do not recommend the use of latches in FPGA/CPLD designs, as they may lead to timing problems.
INFO:Xst:2371 - HDL ADVISOR - Logic functions respectively driving the data and gate enable inputs of this latch share common terms. This situation will potentially lead to setup/hold violations and, as a result, to simulation problems. This situation may come from an incomplete case statement (all selector values are not covered). You should carefully review if it was in your intentions to describe such a latch.
WARNING:Xst:737 - Found 1-bit latch for signal <out_gameboard_1>. Latches may be generated from incomplete case or if statements. We do not recommend the use of latches in FPGA/CPLD designs, as they may lead to timing problems.
INFO:Xst:2371 - HDL ADVISOR - Logic functions respectively driving the data and gate enable inputs of this latch share common terms. This situation will potentially lead to setup/hold violations and, as a result, to simulation problems. This situation may come from an incomplete case statement (all selector values are not covered). You should carefully review if it was in your intentions to describe such a latch.
WARNING:Xst:737 - Found 1-bit latch for signal <out_gameboard_0>. Latches may be generated from incomplete case or if statements. We do not recommend the use of latches in FPGA/CPLD designs, as they may lead to timing problems.
INFO:Xst:2371 - HDL ADVISOR - Logic functions respectively driving the data and gate enable inputs of this latch share common terms. This situation will potentially lead to setup/hold violations and, as a result, to simulation problems. This situation may come from an incomplete case statement (all selector values are not covered). You should carefully review if it was in your intentions to describe such a latch.
WARNING:Xst:737 - Found 1-bit latch for signal <out_players_cells_15>. Latches may be generated from incomplete case or if statements. We do not recommend the use of latches in FPGA/CPLD designs, as they may lead to timing problems.
INFO:Xst:2371 - HDL ADVISOR - Logic functions respectively driving the data and gate enable inputs of this latch share common terms. This situation will potentially lead to setup/hold violations and, as a result, to simulation problems. This situation may come from an incomplete case statement (all selector values are not covered). You should carefully review if it was in your intentions to describe such a latch.
WARNING:Xst:737 - Found 1-bit latch for signal <out_players_cells_14>. Latches may be generated from incomplete case or if statements. We do not recommend the use of latches in FPGA/CPLD designs, as they may lead to timing problems.
INFO:Xst:2371 - HDL ADVISOR - Logic functions respectively driving the data and gate enable inputs of this latch share common terms. This situation will potentially lead to setup/hold violations and, as a result, to simulation problems. This situation may come from an incomplete case statement (all selector values are not covered). You should carefully review if it was in your intentions to describe such a latch.
WARNING:Xst:737 - Found 1-bit latch for signal <out_players_cells_13>. Latches may be generated from incomplete case or if statements. We do not recommend the use of latches in FPGA/CPLD designs, as they may lead to timing problems.
INFO:Xst:2371 - HDL ADVISOR - Logic functions respectively driving the data and gate enable inputs of this latch share common terms. This situation will potentially lead to setup/hold violations and, as a result, to simulation problems. This situation may come from an incomplete case statement (all selector values are not covered). You should carefully review if it was in your intentions to describe such a latch.
WARNING:Xst:737 - Found 1-bit latch for signal <out_players_cells_12>. Latches may be generated from incomplete case or if statements. We do not recommend the use of latches in FPGA/CPLD designs, as they may lead to timing problems.
INFO:Xst:2371 - HDL ADVISOR - Logic functions respectively driving the data and gate enable inputs of this latch share common terms. This situation will potentially lead to setup/hold violations and, as a result, to simulation problems. This situation may come from an incomplete case statement (all selector values are not covered). You should carefully review if it was in your intentions to describe such a latch.
WARNING:Xst:737 - Found 1-bit latch for signal <out_players_cells_11>. Latches may be generated from incomplete case or if statements. We do not recommend the use of latches in FPGA/CPLD designs, as they may lead to timing problems.
INFO:Xst:2371 - HDL ADVISOR - Logic functions respectively driving the data and gate enable inputs of this latch share common terms. This situation will potentially lead to setup/hold violations and, as a result, to simulation problems. This situation may come from an incomplete case statement (all selector values are not covered). You should carefully review if it was in your intentions to describe such a latch.
WARNING:Xst:737 - Found 1-bit latch for signal <out_players_cells_10>. Latches may be generated from incomplete case or if statements. We do not recommend the use of latches in FPGA/CPLD designs, as they may lead to timing problems.
INFO:Xst:2371 - HDL ADVISOR - Logic functions respectively driving the data and gate enable inputs of this latch share common terms. This situation will potentially lead to setup/hold violations and, as a result, to simulation problems. This situation may come from an incomplete case statement (all selector values are not covered). You should carefully review if it was in your intentions to describe such a latch.
WARNING:Xst:737 - Found 1-bit latch for signal <out_players_cells_9>. Latches may be generated from incomplete case or if statements. We do not recommend the use of latches in FPGA/CPLD designs, as they may lead to timing problems.
INFO:Xst:2371 - HDL ADVISOR - Logic functions respectively driving the data and gate enable inputs of this latch share common terms. This situation will potentially lead to setup/hold violations and, as a result, to simulation problems. This situation may come from an incomplete case statement (all selector values are not covered). You should carefully review if it was in your intentions to describe such a latch.
WARNING:Xst:737 - Found 1-bit latch for signal <out_players_cells_8>. Latches may be generated from incomplete case or if statements. We do not recommend the use of latches in FPGA/CPLD designs, as they may lead to timing problems.
INFO:Xst:2371 - HDL ADVISOR - Logic functions respectively driving the data and gate enable inputs of this latch share common terms. This situation will potentially lead to setup/hold violations and, as a result, to simulation problems. This situation may come from an incomplete case statement (all selector values are not covered). You should carefully review if it was in your intentions to describe such a latch.
WARNING:Xst:737 - Found 1-bit latch for signal <out_players_cells_7>. Latches may be generated from incomplete case or if statements. We do not recommend the use of latches in FPGA/CPLD designs, as they may lead to timing problems.
INFO:Xst:2371 - HDL ADVISOR - Logic functions respectively driving the data and gate enable inputs of this latch share common terms. This situation will potentially lead to setup/hold violations and, as a result, to simulation problems. This situation may come from an incomplete case statement (all selector values are not covered). You should carefully review if it was in your intentions to describe such a latch.
WARNING:Xst:737 - Found 1-bit latch for signal <out_players_cells_6>. Latches may be generated from incomplete case or if statements. We do not recommend the use of latches in FPGA/CPLD designs, as they may lead to timing problems.
INFO:Xst:2371 - HDL ADVISOR - Logic functions respectively driving the data and gate enable inputs of this latch share common terms. This situation will potentially lead to setup/hold violations and, as a result, to simulation problems. This situation may come from an incomplete case statement (all selector values are not covered). You should carefully review if it was in your intentions to describe such a latch.
WARNING:Xst:737 - Found 1-bit latch for signal <out_players_cells_5>. Latches may be generated from incomplete case or if statements. We do not recommend the use of latches in FPGA/CPLD designs, as they may lead to timing problems.
INFO:Xst:2371 - HDL ADVISOR - Logic functions respectively driving the data and gate enable inputs of this latch share common terms. This situation will potentially lead to setup/hold violations and, as a result, to simulation problems. This situation may come from an incomplete case statement (all selector values are not covered). You should carefully review if it was in your intentions to describe such a latch.
WARNING:Xst:737 - Found 1-bit latch for signal <out_players_cells_4>. Latches may be generated from incomplete case or if statements. We do not recommend the use of latches in FPGA/CPLD designs, as they may lead to timing problems.
INFO:Xst:2371 - HDL ADVISOR - Logic functions respectively driving the data and gate enable inputs of this latch share common terms. This situation will potentially lead to setup/hold violations and, as a result, to simulation problems. This situation may come from an incomplete case statement (all selector values are not covered). You should carefully review if it was in your intentions to describe such a latch.
WARNING:Xst:737 - Found 1-bit latch for signal <out_players_cells_3>. Latches may be generated from incomplete case or if statements. We do not recommend the use of latches in FPGA/CPLD designs, as they may lead to timing problems.
INFO:Xst:2371 - HDL ADVISOR - Logic functions respectively driving the data and gate enable inputs of this latch share common terms. This situation will potentially lead to setup/hold violations and, as a result, to simulation problems. This situation may come from an incomplete case statement (all selector values are not covered). You should carefully review if it was in your intentions to describe such a latch.
WARNING:Xst:737 - Found 1-bit latch for signal <out_players_cells_2>. Latches may be generated from incomplete case or if statements. We do not recommend the use of latches in FPGA/CPLD designs, as they may lead to timing problems.
INFO:Xst:2371 - HDL ADVISOR - Logic functions respectively driving the data and gate enable inputs of this latch share common terms. This situation will potentially lead to setup/hold violations and, as a result, to simulation problems. This situation may come from an incomplete case statement (all selector values are not covered). You should carefully review if it was in your intentions to describe such a latch.
WARNING:Xst:737 - Found 1-bit latch for signal <out_players_cells_1>. Latches may be generated from incomplete case or if statements. We do not recommend the use of latches in FPGA/CPLD designs, as they may lead to timing problems.
INFO:Xst:2371 - HDL ADVISOR - Logic functions respectively driving the data and gate enable inputs of this latch share common terms. This situation will potentially lead to setup/hold violations and, as a result, to simulation problems. This situation may come from an incomplete case statement (all selector values are not covered). You should carefully review if it was in your intentions to describe such a latch.
WARNING:Xst:737 - Found 1-bit latch for signal <out_players_cells_0>. Latches may be generated from incomplete case or if statements. We do not recommend the use of latches in FPGA/CPLD designs, as they may lead to timing problems.
INFO:Xst:2371 - HDL ADVISOR - Logic functions respectively driving the data and gate enable inputs of this latch share common terms. This situation will potentially lead to setup/hold violations and, as a result, to simulation problems. This situation may come from an incomplete case statement (all selector values are not covered). You should carefully review if it was in your intentions to describe such a latch.
WARNING:Xst:737 - Found 1-bit latch for signal <next_player>. Latches may be generated from incomplete case or if statements. We do not recommend the use of latches in FPGA/CPLD designs, as they may lead to timing problems.
INFO:Xst:2371 - HDL ADVISOR - Logic functions respectively driving the data and gate enable inputs of this latch share common terms. This situation will potentially lead to setup/hold violations and, as a result, to simulation problems. This situation may come from an incomplete case statement (all selector values are not covered). You should carefully review if it was in your intentions to describe such a latch.
WARNING:Xst:737 - Found 1-bit latch for signal <out_gameboard_15$mux0000>. Latches may be generated from incomplete case or if statements. We do not recommend the use of latches in FPGA/CPLD designs, as they may lead to timing problems.
INFO:Xst:2371 - HDL ADVISOR - Logic functions respectively driving the data and gate enable inputs of this latch share common terms. This situation will potentially lead to setup/hold violations and, as a result, to simulation problems. This situation may come from an incomplete case statement (all selector values are not covered). You should carefully review if it was in your intentions to describe such a latch.
WARNING:Xst:737 - Found 1-bit latch for signal <out_gameboard_14$mux0000>. Latches may be generated from incomplete case or if statements. We do not recommend the use of latches in FPGA/CPLD designs, as they may lead to timing problems.
INFO:Xst:2371 - HDL ADVISOR - Logic functions respectively driving the data and gate enable inputs of this latch share common terms. This situation will potentially lead to setup/hold violations and, as a result, to simulation problems. This situation may come from an incomplete case statement (all selector values are not covered). You should carefully review if it was in your intentions to describe such a latch.
WARNING:Xst:737 - Found 1-bit latch for signal <out_gameboard_13$mux0000>. Latches may be generated from incomplete case or if statements. We do not recommend the use of latches in FPGA/CPLD designs, as they may lead to timing problems.
INFO:Xst:2371 - HDL ADVISOR - Logic functions respectively driving the data and gate enable inputs of this latch share common terms. This situation will potentially lead to setup/hold violations and, as a result, to simulation problems. This situation may come from an incomplete case statement (all selector values are not covered). You should carefully review if it was in your intentions to describe such a latch.
WARNING:Xst:737 - Found 1-bit latch for signal <out_gameboard_12$mux0000>. Latches may be generated from incomplete case or if statements. We do not recommend the use of latches in FPGA/CPLD designs, as they may lead to timing problems.
INFO:Xst:2371 - HDL ADVISOR - Logic functions respectively driving the data and gate enable inputs of this latch share common terms. This situation will potentially lead to setup/hold violations and, as a result, to simulation problems. This situation may come from an incomplete case statement (all selector values are not covered). You should carefully review if it was in your intentions to describe such a latch.
WARNING:Xst:737 - Found 1-bit latch for signal <out_gameboard_11$mux0000>. Latches may be generated from incomplete case or if statements. We do not recommend the use of latches in FPGA/CPLD designs, as they may lead to timing problems.
INFO:Xst:2371 - HDL ADVISOR - Logic functions respectively driving the data and gate enable inputs of this latch share common terms. This situation will potentially lead to setup/hold violations and, as a result, to simulation problems. This situation may come from an incomplete case statement (all selector values are not covered). You should carefully review if it was in your intentions to describe such a latch.
WARNING:Xst:737 - Found 1-bit latch for signal <out_gameboard_10$mux0000>. Latches may be generated from incomplete case or if statements. We do not recommend the use of latches in FPGA/CPLD designs, as they may lead to timing problems.
INFO:Xst:2371 - HDL ADVISOR - Logic functions respectively driving the data and gate enable inputs of this latch share common terms. This situation will potentially lead to setup/hold violations and, as a result, to simulation problems. This situation may come from an incomplete case statement (all selector values are not covered). You should carefully review if it was in your intentions to describe such a latch.
WARNING:Xst:737 - Found 1-bit latch for signal <out_gameboard_9$mux0000>. Latches may be generated from incomplete case or if statements. We do not recommend the use of latches in FPGA/CPLD designs, as they may lead to timing problems.
INFO:Xst:2371 - HDL ADVISOR - Logic functions respectively driving the data and gate enable inputs of this latch share common terms. This situation will potentially lead to setup/hold violations and, as a result, to simulation problems. This situation may come from an incomplete case statement (all selector values are not covered). You should carefully review if it was in your intentions to describe such a latch.
WARNING:Xst:737 - Found 1-bit latch for signal <out_gameboard_8$mux0000>. Latches may be generated from incomplete case or if statements. We do not recommend the use of latches in FPGA/CPLD designs, as they may lead to timing problems.
INFO:Xst:2371 - HDL ADVISOR - Logic functions respectively driving the data and gate enable inputs of this latch share common terms. This situation will potentially lead to setup/hold violations and, as a result, to simulation problems. This situation may come from an incomplete case statement (all selector values are not covered). You should carefully review if it was in your intentions to describe such a latch.
WARNING:Xst:737 - Found 1-bit latch for signal <out_gameboard_7$mux0000>. Latches may be generated from incomplete case or if statements. We do not recommend the use of latches in FPGA/CPLD designs, as they may lead to timing problems.
INFO:Xst:2371 - HDL ADVISOR - Logic functions respectively driving the data and gate enable inputs of this latch share common terms. This situation will potentially lead to setup/hold violations and, as a result, to simulation problems. This situation may come from an incomplete case statement (all selector values are not covered). You should carefully review if it was in your intentions to describe such a latch.
WARNING:Xst:737 - Found 1-bit latch for signal <out_gameboard_6$mux0000>. Latches may be generated from incomplete case or if statements. We do not recommend the use of latches in FPGA/CPLD designs, as they may lead to timing problems.
INFO:Xst:2371 - HDL ADVISOR - Logic functions respectively driving the data and gate enable inputs of this latch share common terms. This situation will potentially lead to setup/hold violations and, as a result, to simulation problems. This situation may come from an incomplete case statement (all selector values are not covered). You should carefully review if it was in your intentions to describe such a latch.
WARNING:Xst:737 - Found 1-bit latch for signal <out_gameboard_5$mux0000>. Latches may be generated from incomplete case or if statements. We do not recommend the use of latches in FPGA/CPLD designs, as they may lead to timing problems.
INFO:Xst:2371 - HDL ADVISOR - Logic functions respectively driving the data and gate enable inputs of this latch share common terms. This situation will potentially lead to setup/hold violations and, as a result, to simulation problems. This situation may come from an incomplete case statement (all selector values are not covered). You should carefully review if it was in your intentions to describe such a latch.
WARNING:Xst:737 - Found 1-bit latch for signal <out_gameboard_4$mux0000>. Latches may be generated from incomplete case or if statements. We do not recommend the use of latches in FPGA/CPLD designs, as they may lead to timing problems.
INFO:Xst:2371 - HDL ADVISOR - Logic functions respectively driving the data and gate enable inputs of this latch share common terms. This situation will potentially lead to setup/hold violations and, as a result, to simulation problems. This situation may come from an incomplete case statement (all selector values are not covered). You should carefully review if it was in your intentions to describe such a latch.
WARNING:Xst:737 - Found 1-bit latch for signal <out_gameboard_3$mux0000>. Latches may be generated from incomplete case or if statements. We do not recommend the use of latches in FPGA/CPLD designs, as they may lead to timing problems.
INFO:Xst:2371 - HDL ADVISOR - Logic functions respectively driving the data and gate enable inputs of this latch share common terms. This situation will potentially lead to setup/hold violations and, as a result, to simulation problems. This situation may come from an incomplete case statement (all selector values are not covered). You should carefully review if it was in your intentions to describe such a latch.
WARNING:Xst:737 - Found 1-bit latch for signal <out_gameboard_2$mux0000>. Latches may be generated from incomplete case or if statements. We do not recommend the use of latches in FPGA/CPLD designs, as they may lead to timing problems.
INFO:Xst:2371 - HDL ADVISOR - Logic functions respectively driving the data and gate enable inputs of this latch share common terms. This situation will potentially lead to setup/hold violations and, as a result, to simulation problems. This situation may come from an incomplete case statement (all selector values are not covered). You should carefully review if it was in your intentions to describe such a latch.
WARNING:Xst:737 - Found 1-bit latch for signal <out_gameboard_1$mux0000>. Latches may be generated from incomplete case or if statements. We do not recommend the use of latches in FPGA/CPLD designs, as they may lead to timing problems.
INFO:Xst:2371 - HDL ADVISOR - Logic functions respectively driving the data and gate enable inputs of this latch share common terms. This situation will potentially lead to setup/hold violations and, as a result, to simulation problems. This situation may come from an incomplete case statement (all selector values are not covered). You should carefully review if it was in your intentions to describe such a latch.
WARNING:Xst:737 - Found 1-bit latch for signal <out_gameboard_0$mux0000>. Latches may be generated from incomplete case or if statements. We do not recommend the use of latches in FPGA/CPLD designs, as they may lead to timing problems.
INFO:Xst:2371 - HDL ADVISOR - Logic functions respectively driving the data and gate enable inputs of this latch share common terms. This situation will potentially lead to setup/hold violations and, as a result, to simulation problems. This situation may come from an incomplete case statement (all selector values are not covered). You should carefully review if it was in your intentions to describe such a latch.
    Found 1-bit 3-to-1 multiplexer for signal <next_player$mux0000>.
    Found 1-bit 3-to-1 multiplexer for signal <out_gameboard_0$mux0001>.
    Found 1-bit 3-to-1 multiplexer for signal <out_gameboard_1$mux0001>.
    Found 1-bit 3-to-1 multiplexer for signal <out_gameboard_10$mux0001>.
    Found 1-bit 3-to-1 multiplexer for signal <out_gameboard_11$mux0001>.
    Found 1-bit 3-to-1 multiplexer for signal <out_gameboard_12$mux0001>.
    Found 1-bit 3-to-1 multiplexer for signal <out_gameboard_13$mux0001>.
    Found 1-bit 3-to-1 multiplexer for signal <out_gameboard_14$mux0001>.
    Found 1-bit 3-to-1 multiplexer for signal <out_gameboard_15$mux0001>.
    Found 1-bit 3-to-1 multiplexer for signal <out_gameboard_2$mux0001>.
    Found 1-bit 3-to-1 multiplexer for signal <out_gameboard_3$mux0001>.
    Found 1-bit 3-to-1 multiplexer for signal <out_gameboard_4$mux0001>.
    Found 1-bit 3-to-1 multiplexer for signal <out_gameboard_5$mux0001>.
    Found 1-bit 3-to-1 multiplexer for signal <out_gameboard_6$mux0001>.
    Found 1-bit 3-to-1 multiplexer for signal <out_gameboard_7$mux0001>.
    Found 1-bit 3-to-1 multiplexer for signal <out_gameboard_8$mux0001>.
    Found 1-bit 3-to-1 multiplexer for signal <out_gameboard_9$mux0001>.
    Found 1-bit 3-to-1 multiplexer for signal <out_players_cells_0$mux0000>.
    Found 1-bit 3-to-1 multiplexer for signal <out_players_cells_1$mux0000>.
    Found 1-bit 3-to-1 multiplexer for signal <out_players_cells_10$mux0000>.
    Found 1-bit 3-to-1 multiplexer for signal <out_players_cells_11$mux0000>.
    Found 1-bit 3-to-1 multiplexer for signal <out_players_cells_12$mux0000>.
    Found 1-bit 3-to-1 multiplexer for signal <out_players_cells_13$mux0000>.
    Found 1-bit 3-to-1 multiplexer for signal <out_players_cells_14$mux0000>.
    Found 1-bit 3-to-1 multiplexer for signal <out_players_cells_15$mux0000>.
    Found 1-bit 3-to-1 multiplexer for signal <out_players_cells_2$mux0000>.
    Found 1-bit 3-to-1 multiplexer for signal <out_players_cells_3$mux0000>.
    Found 1-bit 3-to-1 multiplexer for signal <out_players_cells_4$mux0000>.
    Found 1-bit 3-to-1 multiplexer for signal <out_players_cells_5$mux0000>.
    Found 1-bit 3-to-1 multiplexer for signal <out_players_cells_6$mux0000>.
    Found 1-bit 3-to-1 multiplexer for signal <out_players_cells_7$mux0000>.
    Found 1-bit 3-to-1 multiplexer for signal <out_players_cells_8$mux0000>.
    Found 1-bit 3-to-1 multiplexer for signal <out_players_cells_9$mux0000>.
    Summary:
	inferred  33 Multiplexer(s).
Unit <ColumnSelector> synthesized.


Synthesizing Unit <FSM>.
    Related source file is "FSM.v".
WARNING:Xst:737 - Found 2-bit latch for signal <out_game_status>. Latches may be generated from incomplete case or if statements. We do not recommend the use of latches in FPGA/CPLD designs, as they may lead to timing problems.
INFO:Xst:2371 - HDL ADVISOR - Logic functions respectively driving the data and gate enable inputs of this latch share common terms. This situation will potentially lead to setup/hold violations and, as a result, to simulation problems. This situation may come from an incomplete case statement (all selector values are not covered). You should carefully review if it was in your intentions to describe such a latch.
    Found 2-bit register for signal <current_state>.
    Summary:
	inferred   2 D-type flip-flop(s).
Unit <FSM> synthesized.


Synthesizing Unit <DetectWinner>.
    Related source file is "DetectWinner.v".
WARNING:Xst:647 - Input <clk> is never used. This port will be preserved and left unconnected if it belongs to a top-level block or it belongs to a sub-block and the hierarchy of this sub-block is preserved.
Unit <DetectWinner> synthesized.


Synthesizing Unit <DisplayGameStatus>.
    Related source file is "DisplayGameStatus.v".
    Found 4x8-bit ROM for signal <LEDs$mux0000> created at line 40.
    Found 8-bit 4-to-1 multiplexer for signal <LEDs>.
    Summary:
	inferred   1 ROM(s).
	inferred   8 Multiplexer(s).
Unit <DisplayGameStatus> synthesized.


Synthesizing Unit <connect4_top>.
    Related source file is "connect4_top.v".
WARNING:Xst:646 - Signal <Enable_Button> is assigned but never used. This unconnected signal will be trimmed during the optimization process.
Unit <connect4_top> synthesized.

INFO:Xst:1767 - HDL ADVISOR - Resource sharing has identified that some arithmetic operations in this design can share the same physical resources for reduced device utilization. For improved clock frequency you may try to disable resource sharing.

=========================================================================
HDL Synthesis Report

Macro Statistics
# ROMs                                                 : 1
 4x8-bit ROM                                           : 1
# Adders/Subtractors                                   : 5
 3-bit adder                                           : 4
 5-bit adder                                           : 1
# Counters                                             : 2
 20-bit up counter                                     : 1
 26-bit up counter                                     : 1
# Registers                                            : 15
 1-bit register                                        : 14
 2-bit register                                        : 1
# Latches                                              : 55
 1-bit latch                                           : 49
 2-bit latch                                           : 1
 3-bit latch                                           : 4
 5-bit latch                                           : 1
# Multiplexers                                         : 34
 1-bit 3-to-1 multiplexer                              : 33
 8-bit 4-to-1 multiplexer                              : 1

=========================================================================

=========================================================================
*                       Advanced HDL Synthesis                          *
=========================================================================

WARNING:Xst:1290 - Hierarchical block <BPD> is unconnected in block <connect4_top>.
   It will be removed from the design.

=========================================================================
Advanced HDL Synthesis Report

Macro Statistics
# ROMs                                                 : 1
 4x8-bit ROM                                           : 1
# Adders/Subtractors                                   : 5
 3-bit adder                                           : 4
 5-bit adder                                           : 1
# Counters                                             : 2
 20-bit up counter                                     : 1
 26-bit up counter                                     : 1
# Registers                                            : 16
 Flip-Flops                                            : 16
# Latches                                              : 55
 1-bit latch                                           : 49
 2-bit latch                                           : 1
 3-bit latch                                           : 4
 5-bit latch                                           : 1
# Multiplexers                                         : 34
 1-bit 3-to-1 multiplexer                              : 33
 8-bit 4-to-1 multiplexer                              : 1

=========================================================================

=========================================================================
*                         Low Level Synthesis                           *
=========================================================================
WARNING:Xst:2677 - Node <BPD/clk_out> of sequential type is unconnected in block <connect4_top>.

Optimizing unit <connect4_top> ...

Optimizing unit <ColumnSelector> ...

Optimizing unit <ColumnCalculator> ...

Optimizing unit <ThreeBitCounter> ...

Optimizing unit <FSM> ...

Mapping all equations...
Building and optimizing final netlist ...
Found area constraint ratio of 100 (+ 5) on block connect4_top, actual ratio is 2.

Final Macro Processing ...

=========================================================================
Final Register Report

Macro Statistics
# Registers                                            : 35
 Flip-Flops                                            : 35

=========================================================================

=========================================================================
*                           Partition Report                            *
=========================================================================

Partition Implementation Status
-------------------------------

  No Partitions were found in this design.

-------------------------------

=========================================================================
*                            Final Report                               *
=========================================================================
Final Results
RTL Top Level Output File Name     : connect4_top.ngr
Top Level Output File Name         : connect4_top
Output Format                      : NGC
Optimization Goal                  : Speed
Keep Hierarchy                     : No

Design Statistics
# IOs                              : 15

Cell Usage :
# BELS                             : 287
#      GND                         : 1
#      INV                         : 2
#      LUT1                        : 19
#      LUT2                        : 13
#      LUT3                        : 55
#      LUT4                        : 130
#      MUXCY                       : 24
#      MUXF5                       : 22
#      VCC                         : 1
#      XORCY                       : 20
# FlipFlops/Latches                : 103
#      FD                          : 1
#      FDC                         : 2
#      FDCP                        : 12
#      FDE                         : 1
#      FDR                         : 19
#      LD                          : 40
#      LD_1                        : 16
#      LDC                         : 12
# Clock Buffers                    : 1
#      BUFGP                       : 1
# IO Buffers                       : 14
#      IBUF                        : 6
#      OBUF                        : 8
=========================================================================

Device utilization summary:
---------------------------

Selected Device : 3s500efg320-4 

 Number of Slices:                      130  out of   4656     2%  
 Number of Slice Flip Flops:            103  out of   9312     1%  
 Number of 4 input LUTs:                219  out of   9312     2%  
 Number of IOs:                          15
 Number of bonded IOBs:                  15  out of    232     6%  
 Number of GCLKs:                         1  out of     24     4%  

---------------------------
Partition Resource Summary:
---------------------------

  No Partitions were found in this design.

---------------------------


=========================================================================
TIMING REPORT

NOTE: THESE TIMING NUMBERS ARE ONLY A SYNTHESIS ESTIMATE.
      FOR ACCURATE TIMING INFORMATION PLEASE REFER TO THE TRACE REPORT
      GENERATED AFTER PLACE-and-ROUTE.

Clock Information:
------------------
----------------------------------------------------------------------------------------------+-------------------------------------------------+-------+
Clock Signal                                                                                  | Clock buffer(FF name)                           | Load  |
----------------------------------------------------------------------------------------------+-------------------------------------------------+-------+
clk                                                                                           | BUFGP                                           | 21    |
columnSelector/out_gameboard_15_mux0002(columnSelector/out_gameboard_15_mux000211:O)          | NONE(*)(columnSelector/out_gameboard_15_mux0000)| 1     |
columnSelector/out_gameboard_14_mux0002(columnSelector/out_gameboard_14_mux00021:O)           | NONE(*)(columnSelector/out_gameboard_14_mux0000)| 1     |
columnSelector/out_gameboard_13_mux0002(columnSelector/out_gameboard_13_mux00021:O)           | NONE(*)(columnSelector/out_gameboard_13_mux0000)| 1     |
columnSelector/out_gameboard_12_mux0002(columnSelector/out_gameboard_12_mux00021:O)           | NONE(*)(columnSelector/out_gameboard_12_mux0000)| 1     |
columnSelector/out_gameboard_11_mux0002(columnSelector/out_gameboard_11_mux00021:O)           | NONE(*)(columnSelector/out_gameboard_11_mux0000)| 1     |
columnSelector/out_gameboard_10_mux0002(columnSelector/out_gameboard_10_mux00021:O)           | NONE(*)(columnSelector/out_gameboard_10_mux0000)| 1     |
columnSelector/out_gameboard_9_mux0002(columnSelector/out_gameboard_9_mux00021:O)             | NONE(*)(columnSelector/out_gameboard_9_mux0000) | 1     |
columnSelector/out_gameboard_8_mux0002(columnSelector/out_gameboard_8_mux00021:O)             | NONE(*)(columnSelector/out_gameboard_8_mux0000) | 1     |
columnSelector/out_gameboard_7_mux0002(columnSelector/out_gameboard_7_mux00021:O)             | NONE(*)(columnSelector/out_gameboard_7_mux0000) | 1     |
columnSelector/out_gameboard_6_mux0002(columnSelector/out_gameboard_6_mux00021:O)             | NONE(*)(columnSelector/out_gameboard_6_mux0000) | 1     |
columnSelector/out_gameboard_5_mux0002(columnSelector/out_gameboard_5_mux00021:O)             | NONE(*)(columnSelector/out_gameboard_5_mux0000) | 1     |
columnSelector/out_gameboard_4_mux0002(columnSelector/out_gameboard_4_mux00021:O)             | NONE(*)(columnSelector/out_gameboard_4_mux0000) | 1     |
columnSelector/out_gameboard_3_mux0002(columnSelector/out_gameboard_3_mux00021:O)             | NONE(*)(columnSelector/out_gameboard_3_mux0000) | 1     |
columnSelector/out_gameboard_2_mux0002(columnSelector/out_gameboard_2_mux00021:O)             | NONE(*)(columnSelector/out_gameboard_2_mux0000) | 1     |
columnSelector/out_gameboard_1_mux0002(columnSelector/out_gameboard_1_mux00021:O)             | NONE(*)(columnSelector/out_gameboard_1_mux0000) | 1     |
columnSelector/out_gameboard_0_mux0002(columnSelector/out_gameboard_0_mux00021:O)             | NONE(*)(columnSelector/out_gameboard_0_mux0000) | 1     |
columnSelector/out_gameboard_15_cmp_eq0000(columnSelector/out_gameboard_15_cmp_eq00001:O)     | NONE(*)(columnSelector/out_gameboard_15)        | 16    |
columnSelector/out_players_cells_15_not0001(columnSelector/out_players_cells_15_not00011_f5:O)| NONE(*)(columnSelector/out_players_cells_15)    | 1     |
columnSelector/out_players_cells_14_not0001(columnSelector/out_players_cells_14_not00011:O)   | NONE(*)(columnSelector/out_players_cells_14)    | 1     |
columnSelector/out_players_cells_13_not0001(columnSelector/out_players_cells_13_not00011:O)   | NONE(*)(columnSelector/out_players_cells_13)    | 1     |
columnSelector/out_players_cells_12_not0001(columnSelector/out_players_cells_12_not00011:O)   | NONE(*)(columnSelector/out_players_cells_12)    | 1     |
columnSelector/out_players_cells_11_not0001(columnSelector/out_players_cells_11_not00011:O)   | NONE(*)(columnSelector/out_players_cells_11)    | 1     |
columnSelector/out_players_cells_10_not0001(columnSelector/out_players_cells_10_not00011:O)   | NONE(*)(columnSelector/out_players_cells_10)    | 1     |
columnSelector/out_players_cells_9_not0001(columnSelector/out_players_cells_9_not00011:O)     | NONE(*)(columnSelector/out_players_cells_9)     | 1     |
columnSelector/out_players_cells_8_not0001(columnSelector/out_players_cells_8_not00011:O)     | NONE(*)(columnSelector/out_players_cells_8)     | 1     |
columnSelector/out_players_cells_7_not0001(columnSelector/out_players_cells_7_not00011:O)     | NONE(*)(columnSelector/out_players_cells_7)     | 1     |
columnSelector/out_players_cells_6_not0001(columnSelector/out_players_cells_6_not00011:O)     | NONE(*)(columnSelector/out_players_cells_6)     | 1     |
columnSelector/out_players_cells_5_not0001(columnSelector/out_players_cells_5_not00011:O)     | NONE(*)(columnSelector/out_players_cells_5)     | 1     |
columnSelector/out_players_cells_4_not0001(columnSelector/out_players_cells_4_not00011:O)     | NONE(*)(columnSelector/out_players_cells_4)     | 1     |
columnSelector/out_players_cells_3_not0001(columnSelector/out_players_cells_3_not00011:O)     | NONE(*)(columnSelector/out_players_cells_3)     | 1     |
columnSelector/out_players_cells_2_not0001(columnSelector/out_players_cells_2_not00011:O)     | NONE(*)(columnSelector/out_players_cells_2)     | 1     |
columnSelector/out_players_cells_1_not0001(columnSelector/out_players_cells_1_not00011:O)     | NONE(*)(columnSelector/out_players_cells_1)     | 1     |
columnSelector/out_players_cells_0_not0001(columnSelector/out_players_cells_0_not00011:O)     | NONE(*)(columnSelector/out_players_cells_0)     | 1     |
columnSelector/next_player_not0001(columnSelector/next_player_not0001:O)                      | NONE(*)(columnSelector/next_player)             | 1     |
columnCounter/column_position_not0001(columnCounter/column_position_not0001:O)                | NONE(*)(columnCounter/column_position_4)        | 5     |
add(columnCounter/add69:O)                                                                    | NONE(*)(tbc/counter_0_2)                        | 12    |
CD/clk_out                                                                                    | NONE(tbc/count_0)                               | 14    |
fsm/out_game_status_not0001(fsm/out_game_status_not00011:O)                                   | NONE(*)(fsm/out_game_status_1)                  | 2     |
----------------------------------------------------------------------------------------------+-------------------------------------------------+-------+
(*) These 37 clock signal(s) are generated by combinatorial logic,
and XST is not able to identify which are the primary clock signals.
Please use the CLOCK_SIGNAL constraint to specify the clock signal(s) generated by combinatorial logic.
INFO:Xst:2169 - HDL ADVISOR - Some clock signals were not automatically buffered by XST with BUFG/BUFR resources. Please use the buffer_type constraint in order to insert these buffers to the clock signals to help prevent skew problems.

Asynchronous Control Signals Information:
----------------------------------------
---------------------------------------------+------------------------+-------+
Control Signal                               | Buffer(FF name)        | Load  |
---------------------------------------------+------------------------+-------+
reset                                        | IBUF                   | 14    |
tbc/count_0_and0000(tbc/count_0_and00001:O)  | NONE(tbc/count_0)      | 1     |
tbc/count_0_or0000(tbc/count_0_or00001:O)    | NONE(tbc/count_0)      | 1     |
tbc/count_10_and0000(tbc/count_10_and00001:O)| NONE(tbc/count_10)     | 1     |
tbc/count_10_or0000(tbc/count_10_or00001:O)  | NONE(tbc/count_10)     | 1     |
tbc/count_11_and0000(tbc/count_11_and00001:O)| NONE(tbc/count_11)     | 1     |
tbc/count_11_or0000(tbc/count_11_or00001:O)  | NONE(tbc/count_11)     | 1     |
tbc/count_1_and0000(tbc/count_1_and00001:O)  | NONE(tbc/count_1)      | 1     |
tbc/count_1_or0000(tbc/count_1_or00001:O)    | NONE(tbc/count_1)      | 1     |
tbc/count_2_and0000(tbc/count_2_and00001:O)  | NONE(tbc/count_2)      | 1     |
tbc/count_2_or0000(tbc/count_2_or00001:O)    | NONE(tbc/count_2)      | 1     |
tbc/count_3_and0000(tbc/count_3_and00001:O)  | NONE(tbc/count_3)      | 1     |
tbc/count_3_or0000(tbc/count_3_or00001:O)    | NONE(tbc/count_3)      | 1     |
tbc/count_4_and0000(tbc/count_4_and00001:O)  | NONE(tbc/count_4)      | 1     |
tbc/count_4_or0000(tbc/count_4_or00001:O)    | NONE(tbc/count_4)      | 1     |
tbc/count_5_and0000(tbc/count_5_and00001:O)  | NONE(tbc/count_5)      | 1     |
tbc/count_5_or0000(tbc/count_5_or00001:O)    | NONE(tbc/count_5)      | 1     |
tbc/count_6_and0000(tbc/count_6_and00001:O)  | NONE(tbc/count_6)      | 1     |
tbc/count_6_or0000(tbc/count_6_or00001:O)    | NONE(tbc/count_6)      | 1     |
tbc/count_7_and0000(tbc/count_7_and00001:O)  | NONE(tbc/count_7)      | 1     |
tbc/count_7_or0000(tbc/count_7_or00001:O)    | NONE(tbc/count_7)      | 1     |
tbc/count_8_and0000(tbc/count_8_and00001:O)  | NONE(tbc/count_8)      | 1     |
tbc/count_8_or0000(tbc/count_8_or00001:O)    | NONE(tbc/count_8)      | 1     |
tbc/count_9_and0000(tbc/count_9_and00001:O)  | NONE(tbc/count_9)      | 1     |
tbc/count_9_or0000(tbc/count_9_or00001:O)    | NONE(tbc/count_9)      | 1     |
---------------------------------------------+------------------------+-------+

Timing Summary:
---------------
Speed Grade: -4

   Minimum period: 5.108ns (Maximum Frequency: 195.771MHz)
   Minimum input arrival time before clock: 6.390ns
   Maximum output required time after clock: 6.434ns
   Maximum combinational path delay: No path found

Timing Detail:
--------------
All values displayed in nanoseconds (ns)

=========================================================================
Timing constraint: Default period analysis for Clock 'clk'
  Clock period: 5.108ns (frequency: 195.771MHz)
  Total number of paths / destination ports: 631 / 41
-------------------------------------------------------------------------
Delay:               5.108ns (Levels of Logic = 7)
  Source:            CD/count_7 (FF)
  Destination:       CD/count_0 (FF)
  Source Clock:      clk rising
  Destination Clock: clk rising

  Data Path: CD/count_7 to CD/count_0
                                Gate     Net
    Cell:in->out      fanout   Delay   Delay  Logical Name (Net Name)
    ----------------------------------------  ------------
     FDR:C->Q              2   0.591   0.622  CD/count_7 (CD/count_7)
     LUT4:I0->O            1   0.704   0.000  CD/clk_out_cmp_eq0000_wg_lut<0> (CD/clk_out_cmp_eq0000_wg_lut<0>)
     MUXCY:S->O            1   0.464   0.000  CD/clk_out_cmp_eq0000_wg_cy<0> (CD/clk_out_cmp_eq0000_wg_cy<0>)
     MUXCY:CI->O           1   0.059   0.000  CD/clk_out_cmp_eq0000_wg_cy<1> (CD/clk_out_cmp_eq0000_wg_cy<1>)
     MUXCY:CI->O           1   0.059   0.000  CD/clk_out_cmp_eq0000_wg_cy<2> (CD/clk_out_cmp_eq0000_wg_cy<2>)
     MUXCY:CI->O           1   0.059   0.000  CD/clk_out_cmp_eq0000_wg_cy<3> (CD/clk_out_cmp_eq0000_wg_cy<3>)
     MUXCY:CI->O          21   0.331   1.207  CD/clk_out_cmp_eq0000_wg_cy<4> (CD/clk_out_cmp_eq0000)
     LUT2:I1->O            1   0.704   0.000  CD/count_0_rstpot (CD/count_0_rstpot)
     FD:D                      0.308          CD/count_0
    ----------------------------------------
    Total                      5.108ns (3.279ns logic, 1.829ns route)
                                       (64.2% logic, 35.8% route)

=========================================================================
Timing constraint: Default period analysis for Clock 'add'
  Clock period: 2.571ns (frequency: 388.954MHz)
  Total number of paths / destination ports: 24 / 12
-------------------------------------------------------------------------
Delay:               2.571ns (Levels of Logic = 1)
  Source:            tbc/counter_0_0 (LATCH)
  Destination:       tbc/counter_0_1 (LATCH)
  Source Clock:      add falling
  Destination Clock: add falling

  Data Path: tbc/counter_0_0 to tbc/counter_0_1
                                Gate     Net
    Cell:in->out      fanout   Delay   Delay  Logical Name (Net Name)
    ----------------------------------------  ------------
     LDC:G->Q              7   0.676   0.883  tbc/counter_0_0 (tbc/counter_0_0)
     LUT3:I0->O            2   0.704   0.000  tbc/_old_counter_0_4<1>1 (tbc/_old_counter_0_4<1>)
     LDC:D                     0.308          tbc/counter_0_1
    ----------------------------------------
    Total                      2.571ns (1.688ns logic, 0.883ns route)
                                       (65.7% logic, 34.3% route)

=========================================================================
Timing constraint: Default period analysis for Clock 'CD/clk_out'
  Clock period: 3.367ns (frequency: 297.037MHz)
  Total number of paths / destination ports: 5 / 2
-------------------------------------------------------------------------
Delay:               3.367ns (Levels of Logic = 2)
  Source:            fsm/current_state_0 (FF)
  Destination:       fsm/current_state_1 (FF)
  Source Clock:      CD/clk_out rising
  Destination Clock: CD/clk_out rising

  Data Path: fsm/current_state_0 to fsm/current_state_1
                                Gate     Net
    Cell:in->out      fanout   Delay   Delay  Logical Name (Net Name)
    ----------------------------------------  ------------
     FDC:C->Q             49   0.591   1.443  fsm/current_state_0 (fsm/current_state_0)
     LUT4:I0->O            1   0.704   0.000  fsm/next_state<1>_F (N91)
     MUXF5:I0->O           1   0.321   0.000  fsm/next_state<1> (fsm/next_state<1>)
     FDC:D                     0.308          fsm/current_state_1
    ----------------------------------------
    Total                      3.367ns (1.924ns logic, 1.443ns route)
                                       (57.2% logic, 42.8% route)

=========================================================================
Timing constraint: Default OFFSET IN BEFORE for Clock 'columnCounter/column_position_not0001'
  Total number of paths / destination ports: 68 / 5
-------------------------------------------------------------------------
Offset:              6.390ns (Levels of Logic = 5)
  Source:            Switch_0 (PAD)
  Destination:       columnCounter/column_position_1 (LATCH)
  Destination Clock: columnCounter/column_position_not0001 falling

  Data Path: Switch_0 to columnCounter/column_position_1
                                Gate     Net
    Cell:in->out      fanout   Delay   Delay  Logical Name (Net Name)
    ----------------------------------------  ------------
     IBUF:I->O            12   1.218   1.136  Switch_0_IBUF (Switch_0_IBUF)
     LUT3:I0->O            6   0.704   0.673  columnCounter/column_position_mux0002<4>11 (columnCounter/N11)
     LUT4:I3->O            2   0.704   0.622  columnCounter/column_position_mux0002<1>17 (columnCounter/column_position_mux0002<0>37)
     LUT3:I0->O            1   0.704   0.000  columnCounter/column_position_mux0002<1>272 (columnCounter/column_position_mux0002<1>271)
     MUXF5:I0->O           1   0.321   0.000  columnCounter/column_position_mux0002<1>27_f5 (columnCounter/column_position_mux0002<1>)
     LD:D                      0.308          columnCounter/column_position_1
    ----------------------------------------
    Total                      6.390ns (3.959ns logic, 2.431ns route)
                                       (62.0% logic, 38.0% route)

=========================================================================
Timing constraint: Default OFFSET IN BEFORE for Clock 'add'
  Total number of paths / destination ports: 48 / 12
-------------------------------------------------------------------------
Offset:              4.914ns (Levels of Logic = 3)
  Source:            Switch_2 (PAD)
  Destination:       tbc/counter_0_0 (LATCH)
  Destination Clock: add falling

  Data Path: Switch_2 to tbc/counter_0_0
                                Gate     Net
    Cell:in->out      fanout   Delay   Delay  Logical Name (Net Name)
    ----------------------------------------  ------------
     IBUF:I->O            12   1.218   1.136  Switch_2_IBUF (Switch_2_IBUF)
     LUT4:I0->O            6   0.704   0.844  tbc/old_counter_3_1_cmp_eq00001 (tbc/old_counter_3_1_cmp_eq0000)
     LUT2:I0->O            1   0.704   0.000  tbc/_old_counter_3_1<0>1 (tbc/_old_counter_3_1<0>)
     LDC:D                     0.308          tbc/counter_3_0
    ----------------------------------------
    Total                      4.914ns (2.934ns logic, 1.980ns route)
                                       (59.7% logic, 40.3% route)

=========================================================================
Timing constraint: Default OFFSET IN BEFORE for Clock 'fsm/out_game_status_not0001'
  Total number of paths / destination ports: 4 / 2
-------------------------------------------------------------------------
Offset:              5.074ns (Levels of Logic = 3)
  Source:            reset (PAD)
  Destination:       fsm/out_game_status_1 (LATCH)
  Destination Clock: fsm/out_game_status_not0001 falling

  Data Path: reset to fsm/out_game_status_1
                                Gate     Net
    Cell:in->out      fanout   Delay   Delay  Logical Name (Net Name)
    ----------------------------------------  ------------
     IBUF:I->O            28   1.218   1.296  reset_IBUF (reset_IBUF)
     LUT4:I2->O            6   0.704   0.844  WD/game_status<1>242 (game_status<1>)
     LUT4:I0->O            1   0.704   0.000  fsm/out_game_status_mux0000<1>1 (fsm/out_game_status_mux0000<1>)
     LD:D                      0.308          fsm/out_game_status_1
    ----------------------------------------
    Total                      5.074ns (2.934ns logic, 2.140ns route)
                                       (57.8% logic, 42.2% route)

=========================================================================
Timing constraint: Default OFFSET IN BEFORE for Clock 'CD/clk_out'
  Total number of paths / destination ports: 6 / 2
-------------------------------------------------------------------------
Offset:              5.395ns (Levels of Logic = 4)
  Source:            reset (PAD)
  Destination:       fsm/current_state_1 (FF)
  Destination Clock: CD/clk_out rising

  Data Path: reset to fsm/current_state_1
                                Gate     Net
    Cell:in->out      fanout   Delay   Delay  Logical Name (Net Name)
    ----------------------------------------  ------------
     IBUF:I->O            28   1.218   1.296  reset_IBUF (reset_IBUF)
     LUT4:I2->O            6   0.704   0.844  WD/game_status<1>242 (game_status<1>)
     LUT4:I0->O            1   0.704   0.000  fsm/next_state<1>_G (N92)
     MUXF5:I1->O           1   0.321   0.000  fsm/next_state<1> (fsm/next_state<1>)
     FDC:D                     0.308          fsm/current_state_1
    ----------------------------------------
    Total                      5.395ns (3.255ns logic, 2.140ns route)
                                       (60.3% logic, 39.7% route)

=========================================================================
Timing constraint: Default OFFSET OUT AFTER for Clock 'fsm/out_game_status_not0001'
  Total number of paths / destination ports: 14 / 7
-------------------------------------------------------------------------
Offset:              5.955ns (Levels of Logic = 2)
  Source:            fsm/out_game_status_0 (LATCH)
  Destination:       leds<7> (PAD)
  Source Clock:      fsm/out_game_status_not0001 falling

  Data Path: fsm/out_game_status_0 to leds<7>
                                Gate     Net
    Cell:in->out      fanout   Delay   Delay  Logical Name (Net Name)
    ----------------------------------------  ------------
     LD:G->Q               7   0.676   0.883  fsm/out_game_status_0 (fsm/out_game_status_0)
     LUT4:I0->O            1   0.704   0.420  DGS/Mmux_LEDs71 (leds_7_OBUF)
     OBUF:I->O                 3.272          leds_7_OBUF (leds<7>)
    ----------------------------------------
    Total                      5.955ns (4.652ns logic, 1.303ns route)
                                       (78.1% logic, 21.9% route)

=========================================================================
Timing constraint: Default OFFSET OUT AFTER for Clock 'CD/clk_out'
  Total number of paths / destination ports: 14 / 7
-------------------------------------------------------------------------
Offset:              6.434ns (Levels of Logic = 2)
  Source:            fsm/current_state_1 (FF)
  Destination:       leds<4> (PAD)
  Source Clock:      CD/clk_out rising

  Data Path: fsm/current_state_1 to leds<4>
                                Gate     Net
    Cell:in->out      fanout   Delay   Delay  Logical Name (Net Name)
    ----------------------------------------  ------------
     FDC:C->Q             63   0.591   1.447  fsm/current_state_1 (fsm/current_state_1)
     LUT4:I0->O            1   0.704   0.420  DGS/Mmux_LEDs41 (leds_4_OBUF)
     OBUF:I->O                 3.272          leds_4_OBUF (leds<4>)
    ----------------------------------------
    Total                      6.434ns (4.567ns logic, 1.867ns route)
                                       (71.0% logic, 29.0% route)

=========================================================================


Total REAL time to Xst completion: 8.00 secs
Total CPU time to Xst completion: 7.93 secs
 
--> 

Total memory usage is 4529876 kilobytes

Number of errors   :    0 (   0 filtered)
Number of warnings :   64 (   0 filtered)
Number of infos    :   53 (   0 filtered)

