MO connect4_top NULL connect4_top.v vlg08/connect4__top.bin 1618535213
MO ColumnSelector NULL ColumnSelector.v vlg33/_column_selector.bin 1618535213
MO ButtonPressDetector NULL ButtonPressDetector.v vlg2B/_button_press_detector.bin 1618535213
MO FSM NULL FSM.v vlg42/_f_s_m.bin 1618535213
MO ColumnCalculator NULL ColumnCalculator.v vlg40/_column_calculator.bin 1618535213
