MO ClockDelay NULL ClockDelay.v vlg3F/_clock_delay.bin 1619271390
MO ThreeBitCounter NULL ThreeBitCounter.v vlg23/_three_bit_counter.bin 1619271390
MO connect4_top NULL connect4_top.v vlg08/connect4__top.bin 1619271390
MO ColumnSelector NULL ColumnSelector.v vlg33/_column_selector.bin 1619271390
MO ButtonPressDetector NULL ButtonPressDetector.v vlg2B/_button_press_detector.bin 1619271390
MO DetectWinner NULL DetectWinner.v vlg30/_detect_winner.bin 1619271390
MO FSM NULL FSM.v vlg42/_f_s_m.bin 1619271390
MO ColumnCalculator NULL ColumnCalculator.v vlg40/_column_calculator.bin 1619271390
MO DisplayGameStatus NULL DisplayGameStatus.v vlg58/_display_game_status.bin 1619271390
